// Jest Snapshot v1, https://goo.gl/fbAQLP

exports[`[Intro] screen rendering test should render outer component and snapshot matches 1`] = `
<div
  className="sc-iCfLBT jmkFdP"
>
  <div
    className="sc-jRQAMF hyNlNF"
  >
    <span
      className="sc-gKckTs cRfCbT"
    >
      
    </span>
    <span
      className="sc-gKckTs cRfCbT"
    >
      
    </span>
    <span
      className="sc-gKckTs cRfCbT"
    >
      
    </span>
  </div>
  <div
    className="sc-furvIG eyNmWD"
  >
    <button
      className="sc-gsDJrp nsoVv"
      onClick={[Function]}
      style={
        Object {
          "display": "flex",
          "height": "60px",
        }
      }
    >
      <div
        className="sc-dkPtyc cmwPJO"
      >
        <img
          className="sc-eCImvq hKBrPS"
          src="test-file-stub"
        />
        <span
          className="sc-hKwCoD ixcHR"
        >
          Sign In
        </span>
      </div>
    </button>
    <button
      className="sc-gsDJrp nsoVv"
      onClick={[Function]}
      style={
        Object {
          "display": "flex",
          "height": "60px",
        }
      }
    >
      <div
        className="sc-dkPtyc cmwPJO"
      >
        <span
          className="sc-hKwCoD ixcHR"
        >
          Navigate
        </span>
      </div>
    </button>
    <button
      className="sc-gsDJrp nsoVv"
      onClick={[Function]}
      style={
        Object {
          "display": "flex",
          "height": "60px",
        }
      }
    >
      <div
        className="sc-dkPtyc cmwPJO"
      >
        <span
          className="sc-hKwCoD ixcHR"
        >
          Change theme
        </span>
      </div>
    </button>
  </div>
</div>
`;
