// Jest Snapshot v1, https://goo.gl/fbAQLP

exports[`[Temp] render renders without crashing 1`] = `
<div
  className="sc-jSgupP glsYE"
>
  <button
    className="sc-bdfBwQ XCHcN"
    onClick={[Function]}
    style={
      Object {
        "display": "flex",
        "height": "60px",
      }
    }
  >
    <div
      className="sc-gsTCUz inbwCB"
    >
      <span
        className="sc-dlfnbm fHfxuU"
      >
        back to tab page
      </span>
    </div>
  </button>
</div>
`;
