// Jest Snapshot v1, https://goo.gl/fbAQLP

exports[`[Button] shared component test component and snapshot matches 1`] = `
<button
  className="sc-gsDJrp faa-dGP"
  style={
    Object {
      "display": "flex",
      "height": "60px",
    }
  }
>
  <div
    className="sc-dkPtyc cmwPJO"
  >
    <span
      className="sc-hKwCoD eYcQZC"
    >
      Button 2nd test
    </span>
  </div>
</button>
`;
